<?xml version="1.0" encoding="UTF-8"?>
<TestRun id="3b96489b-007b-42bf-b6b6-936c257eefdb" name="soundararajan@CRASHNBURN 2014-03-05 12:33:58" runUser="crashnburn\soundararajan" xmlns="http://microsoft.com/schemas/VisualStudio/TeamTest/2010">
  <TestSettings name="Default Test Settings" id="b94081ac-97ff-4466-8364-0ee238f243c5">
    <Execution>
      <TestTypeSpecific />
      <AgentRule name="Execution Agents">
      </AgentRule>
    </Execution>
    <Deployment runDeploymentRoot="soundararajan_CRASHNBURN 2014-03-05 12_33_58" />
  </TestSettings>
  <Times creation="2014-03-05T12:33:58.9129651+05:30" queuing="2014-03-05T12:34:00.5390407+05:30" start="2014-03-05T12:34:00.7561849+05:30" finish="2014-03-05T12:34:02.1223582+05:30" />
  <ResultSummary outcome="Failed">
    <Counters total="5" executed="5" passed="4" error="0" failed="1" timeout="0" aborted="0" inconclusive="0" passedButRunAborted="0" notRunnable="0" notExecuted="0" disconnected="0" warning="0" completed="0" inProgress="0" pending="0" />
  </ResultSummary>
  <TestDefinitions>
    <UnitTest name="TestForSurprises" storage="c:\users\soundararajan\documents\arduinoidewrapper\arduinowrapper.tests\bin\opencover\arduinoidewrapper.tests.dll" id="943fc398-5b9f-7fe5-26fb-3880ea41fe18">
      <Execution id="4c2c3842-782f-4cd5-9c9e-b6e290b96c81" />
      <TestMethod codeBase="C:/Users/soundararajan/Documents/ArduinoIDEWrapper/ArduinoWrapper.Tests/bin/OpenCover/ArduinoIDEWrapper.Tests.DLL" adapterTypeName="Microsoft.VisualStudio.TestTools.TestTypes.Unit.UnitTestAdapter, Microsoft.VisualStudio.QualityTools.Tips.UnitTest.Adapter, Version=10.0.0.0, Culture=neutral, PublicKeyToken=b03f5f7f11d50a3a" className="ArduinoWrapper.Tests.IDE.Service.ArduinoIDETests, ArduinoIDEWrapper.Tests, Version=1.0.0.0, Culture=neutral, PublicKeyToken=null" name="TestForSurprises" />
    </UnitTest>
    <UnitTest name="SimpleTest_LibraryAccessors" storage="c:\users\soundararajan\documents\arduinoidewrapper\arduinowrapper.tests\bin\opencover\arduinoidewrapper.tests.dll" id="ef6a847a-62c8-6b08-452e-9313197dde6c">
      <Execution id="698edeba-cd75-4958-b95b-5d4ee3121b9f" />
      <TestMethod codeBase="C:/Users/soundararajan/Documents/ArduinoIDEWrapper/ArduinoWrapper.Tests/bin/OpenCover/ArduinoIDEWrapper.Tests.DLL" adapterTypeName="Microsoft.VisualStudio.TestTools.TestTypes.Unit.UnitTestAdapter, Microsoft.VisualStudio.QualityTools.Tips.UnitTest.Adapter, Version=10.0.0.0, Culture=neutral, PublicKeyToken=b03f5f7f11d50a3a" className="ArduinoWrapper.Tests.Library.Service.LibraryTests, ArduinoIDEWrapper.Tests, Version=1.0.0.0, Culture=neutral, PublicKeyToken=null" name="SimpleTest_LibraryAccessors" />
    </UnitTest>
    <UnitTest name="EnumerateExamplesTests" storage="c:\users\soundararajan\documents\arduinoidewrapper\arduinowrapper.tests\bin\opencover\arduinoidewrapper.tests.dll" id="72943606-96da-3753-0a45-b737b9da0c47">
      <Execution id="faaf9857-8b40-4884-817b-3929572eef25" />
      <TestMethod codeBase="C:/Users/soundararajan/Documents/ArduinoIDEWrapper/ArduinoWrapper.Tests/bin/OpenCover/ArduinoIDEWrapper.Tests.DLL" adapterTypeName="Microsoft.VisualStudio.TestTools.TestTypes.Unit.UnitTestAdapter, Microsoft.VisualStudio.QualityTools.Tips.UnitTest.Adapter, Version=10.0.0.0, Culture=neutral, PublicKeyToken=b03f5f7f11d50a3a" className="ArduinoWrapper.Tests.Example.Service.Tests.ArduinoExampleSketchTests, ArduinoIDEWrapper.Tests, Version=1.0.0.0, Culture=neutral, PublicKeyToken=null" name="EnumerateExamplesTests" />
    </UnitTest>
    <UnitTest name="TestForUnexpectedPath" storage="c:\users\soundararajan\documents\arduinoidewrapper\arduinowrapper.tests\bin\opencover\arduinoidewrapper.tests.dll" id="efc713c5-fe8c-fd4b-1e61-f263cad89bb5">
      <Execution id="b0eb22f4-585d-4c78-af9f-400c630ab70b" />
      <TestMethod codeBase="C:/Users/soundararajan/Documents/ArduinoIDEWrapper/ArduinoWrapper.Tests/bin/OpenCover/ArduinoIDEWrapper.Tests.DLL" adapterTypeName="Microsoft.VisualStudio.TestTools.TestTypes.Unit.UnitTestAdapter, Microsoft.VisualStudio.QualityTools.Tips.UnitTest.Adapter, Version=10.0.0.0, Culture=neutral, PublicKeyToken=b03f5f7f11d50a3a" className="ArduinoWrapper.Tests.IDE.Service.ArduinoIDETests, ArduinoIDEWrapper.Tests, Version=1.0.0.0, Culture=neutral, PublicKeyToken=null" name="TestForUnexpectedPath" />
    </UnitTest>
    <UnitTest name="TestForUnexpectedNull" storage="c:\users\soundararajan\documents\arduinoidewrapper\arduinowrapper.tests\bin\opencover\arduinoidewrapper.tests.dll" id="b8c546c5-c393-45e7-75f5-e25da5fe6248">
      <Execution id="b1d751ef-90f9-4be9-b675-5ee189c61215" />
      <TestMethod codeBase="C:/Users/soundararajan/Documents/ArduinoIDEWrapper/ArduinoWrapper.Tests/bin/OpenCover/ArduinoIDEWrapper.Tests.DLL" adapterTypeName="Microsoft.VisualStudio.TestTools.TestTypes.Unit.UnitTestAdapter, Microsoft.VisualStudio.QualityTools.Tips.UnitTest.Adapter, Version=10.0.0.0, Culture=neutral, PublicKeyToken=b03f5f7f11d50a3a" className="ArduinoWrapper.Tests.IDE.Service.ArduinoIDETests, ArduinoIDEWrapper.Tests, Version=1.0.0.0, Culture=neutral, PublicKeyToken=null" name="TestForUnexpectedNull" />
    </UnitTest>
  </TestDefinitions>
  <TestLists>
    <TestList name="Results Not in a List" id="8c84fa94-04c1-424b-9868-57a2d4851a1d" />
    <TestList name="All Loaded Results" id="19431567-8539-422a-85d7-44ee4e166bda" />
  </TestLists>
  <TestEntries>
    <TestEntry testId="72943606-96da-3753-0a45-b737b9da0c47" executionId="faaf9857-8b40-4884-817b-3929572eef25" testListId="8c84fa94-04c1-424b-9868-57a2d4851a1d" />
    <TestEntry testId="943fc398-5b9f-7fe5-26fb-3880ea41fe18" executionId="4c2c3842-782f-4cd5-9c9e-b6e290b96c81" testListId="8c84fa94-04c1-424b-9868-57a2d4851a1d" />
    <TestEntry testId="b8c546c5-c393-45e7-75f5-e25da5fe6248" executionId="b1d751ef-90f9-4be9-b675-5ee189c61215" testListId="8c84fa94-04c1-424b-9868-57a2d4851a1d" />
    <TestEntry testId="efc713c5-fe8c-fd4b-1e61-f263cad89bb5" executionId="b0eb22f4-585d-4c78-af9f-400c630ab70b" testListId="8c84fa94-04c1-424b-9868-57a2d4851a1d" />
    <TestEntry testId="ef6a847a-62c8-6b08-452e-9313197dde6c" executionId="698edeba-cd75-4958-b95b-5d4ee3121b9f" testListId="8c84fa94-04c1-424b-9868-57a2d4851a1d" />
  </TestEntries>
  <Results>
    <UnitTestResult executionId="faaf9857-8b40-4884-817b-3929572eef25" testId="72943606-96da-3753-0a45-b737b9da0c47" testName="EnumerateExamplesTests" computerName="CRASHNBURN" duration="00:00:00.1899368" startTime="2014-03-05T12:34:01.2645219+05:30" endTime="2014-03-05T12:34:01.8171557+05:30" testType="13cdc9d9-ddb5-4fa4-a97d-d965ccfc6d4b" outcome="Passed" testListId="8c84fa94-04c1-424b-9868-57a2d4851a1d" relativeResultsDirectory="faaf9857-8b40-4884-817b-3929572eef25">
    </UnitTestResult>
    <UnitTestResult executionId="4c2c3842-782f-4cd5-9c9e-b6e290b96c81" testId="943fc398-5b9f-7fe5-26fb-3880ea41fe18" testName="TestForSurprises" computerName="CRASHNBURN" duration="00:00:00.0057018" startTime="2014-03-05T12:34:01.8221592+05:30" endTime="2014-03-05T12:34:01.8341672+05:30" testType="13cdc9d9-ddb5-4fa4-a97d-d965ccfc6d4b" outcome="Passed" testListId="8c84fa94-04c1-424b-9868-57a2d4851a1d" relativeResultsDirectory="4c2c3842-782f-4cd5-9c9e-b6e290b96c81">
    </UnitTestResult>
    <UnitTestResult executionId="b1d751ef-90f9-4be9-b675-5ee189c61215" testId="b8c546c5-c393-45e7-75f5-e25da5fe6248" testName="TestForUnexpectedNull" computerName="CRASHNBURN" duration="00:00:00.0110961" startTime="2014-03-05T12:34:01.8371694+05:30" endTime="2014-03-05T12:34:01.8541804+05:30" testType="13cdc9d9-ddb5-4fa4-a97d-d965ccfc6d4b" outcome="Passed" testListId="8c84fa94-04c1-424b-9868-57a2d4851a1d" relativeResultsDirectory="b1d751ef-90f9-4be9-b675-5ee189c61215">
    </UnitTestResult>
    <UnitTestResult executionId="b0eb22f4-585d-4c78-af9f-400c630ab70b" testId="efc713c5-fe8c-fd4b-1e61-f263cad89bb5" testName="TestForUnexpectedPath" computerName="CRASHNBURN" duration="00:00:00.0794182" startTime="2014-03-05T12:34:01.8571826+05:30" endTime="2014-03-05T12:34:01.9412394+05:30" testType="13cdc9d9-ddb5-4fa4-a97d-d965ccfc6d4b" outcome="Failed" testListId="8c84fa94-04c1-424b-9868-57a2d4851a1d" relativeResultsDirectory="b0eb22f4-585d-4c78-af9f-400c630ab70b">
      <Output>
        <ErrorInfo>
          <Message>Test method ArduinoWrapper.Tests.IDE.Service.ArduinoIDETests.TestForUnexpectedPath threw exception System.ArgumentException, but exception System.IO.FileNotFoundException was expected. Exception message: System.ArgumentException: installBasePath</Message>
          <StackTrace>    at Arduino.IDE.ArduinoIDE..ctor(String installBasePath) in C:\Users\soundararajan\Documents\ArduinoIDEWrapper\ArduinoIDEWrapper\IDE.Service\ArduinoIDE.cs:line 14
   at ArduinoWrapper.Tests.IDE.Service.ArduinoIDETests.TestForUnexpectedPath() in C:\Users\soundararajan\Documents\ArduinoIDEWrapper\ArduinoWrapper.Tests\IDE.Service\ArduinoIDETests.cs:line 46
</StackTrace>
        </ErrorInfo>
      </Output>
    </UnitTestResult>
    <UnitTestResult executionId="698edeba-cd75-4958-b95b-5d4ee3121b9f" testId="ef6a847a-62c8-6b08-452e-9313197dde6c" testName="SimpleTest_LibraryAccessors" computerName="CRASHNBURN" duration="00:00:00.0409078" startTime="2014-03-05T12:34:02.0062822+05:30" endTime="2014-03-05T12:34:02.0523131+05:30" testType="13cdc9d9-ddb5-4fa4-a97d-d965ccfc6d4b" outcome="Passed" testListId="8c84fa94-04c1-424b-9868-57a2d4851a1d" relativeResultsDirectory="698edeba-cd75-4958-b95b-5d4ee3121b9f">
    </UnitTestResult>
  </Results>
</TestRun>