<?xml version="1.0" encoding="UTF-8"?>
<TestRun id="c5cc4580-b318-4738-9741-46f105851c22" name="soundararajan@CRASHNBURN 2014-03-08 14:53:42" runUser="CRASHNBURN\soundararajan" xmlns="http://microsoft.com/schemas/VisualStudio/TeamTest/2010">
  <TestSettings name="Default Test Settings" id="a2ac7695-1286-4dd6-883c-ba8be9e15609">
    <Execution>
      <TestTypeSpecific />
      <AgentRule name="Execution Agents">
      </AgentRule>
    </Execution>
    <Deployment runDeploymentRoot="soundararajan_CRASHNBURN 2014-03-08 14_53_42" />
  </TestSettings>
  <Times creation="2014-03-08T14:53:43.0265224+05:30" queuing="2014-03-08T14:53:44.6203506+05:30" start="2014-03-08T14:53:44.8391119+05:30" finish="2014-03-08T14:53:45.9172889+05:30" />
  <ResultSummary outcome="Failed">
    <Counters total="18" executed="18" passed="17" error="0" failed="1" timeout="0" aborted="0" inconclusive="0" passedButRunAborted="0" notRunnable="0" notExecuted="0" disconnected="0" warning="0" completed="0" inProgress="0" pending="0" />
  </ResultSummary>
  <TestDefinitions>
    <UnitTest name="Throws_FileNotFoundException_When_File_Argument_Is_Empty" storage="c:\users\soundararajan\documents\arduinoidewrapper\arduinowrapper.tests\bin\opencover\arduinoidewrapper.tests.dll" id="af2ae42d-6a70-4509-8ee7-ffa86713ae5b">
      <Execution id="6c3dec0a-1b75-497c-a816-400324df5561" />
      <TestMethod codeBase="C:/Users/soundararajan/Documents/ArduinoIDEWrapper/ArduinoWrapper.Tests/bin/OpenCover/ArduinoIDEWrapper.Tests.DLL" adapterTypeName="Microsoft.VisualStudio.TestTools.TestTypes.Unit.UnitTestAdapter, Microsoft.VisualStudio.QualityTools.Tips.UnitTest.Adapter, Version=10.0.0.0, Culture=neutral, PublicKeyToken=b03f5f7f11d50a3a" className="ArduinoWrapper.Tests.Example.Service.Tests.ArduinoExampleSketchTests, ArduinoIDEWrapper.Tests, Version=1.0.0.0, Culture=neutral, PublicKeyToken=null" name="Throws_FileNotFoundException_When_File_Argument_Is_Empty" />
    </UnitTest>
    <UnitTest name="TestForNonNull" storage="c:\users\soundararajan\documents\arduinoidewrapper\arduinowrapper.tests\bin\opencover\arduinoidewrapper.tests.dll" id="db0a26d7-20ca-5e14-a363-4d9b915568f2">
      <TestCategory>
        <TestCategoryItem TestCategory="RequireInstallation" />
      </TestCategory>
      <Execution id="0aa7a8a8-95f8-4a68-981b-4885b8eca080" />
      <TestMethod codeBase="C:/Users/soundararajan/Documents/ArduinoIDEWrapper/ArduinoWrapper.Tests/bin/OpenCover/ArduinoIDEWrapper.Tests.DLL" adapterTypeName="Microsoft.VisualStudio.TestTools.TestTypes.Unit.UnitTestAdapter, Microsoft.VisualStudio.QualityTools.Tips.UnitTest.Adapter, Version=10.0.0.0, Culture=neutral, PublicKeyToken=b03f5f7f11d50a3a" className="ArduinoWrapper.Tests.InstallationServiceTests, ArduinoIDEWrapper.Tests, Version=1.0.0.0, Culture=neutral, PublicKeyToken=null" name="TestForNonNull" />
    </UnitTest>
    <UnitTest name="Throws_FileNotFoundException_When_File_Doesnt_Exist" storage="c:\users\soundararajan\documents\arduinoidewrapper\arduinowrapper.tests\bin\opencover\arduinoidewrapper.tests.dll" id="17349136-81c4-a831-462e-423b0ace677b">
      <Execution id="1331211f-b4e2-4892-97e3-9c717465e367" />
      <TestMethod codeBase="C:/Users/soundararajan/Documents/ArduinoIDEWrapper/ArduinoWrapper.Tests/bin/OpenCover/ArduinoIDEWrapper.Tests.DLL" adapterTypeName="Microsoft.VisualStudio.TestTools.TestTypes.Unit.UnitTestAdapter, Microsoft.VisualStudio.QualityTools.Tips.UnitTest.Adapter, Version=10.0.0.0, Culture=neutral, PublicKeyToken=b03f5f7f11d50a3a" className="ArduinoWrapper.Tests.Example.Service.Tests.ArduinoExampleSketchTests, ArduinoIDEWrapper.Tests, Version=1.0.0.0, Culture=neutral, PublicKeyToken=null" name="Throws_FileNotFoundException_When_File_Doesnt_Exist" />
    </UnitTest>
    <UnitTest name="Throws_FileNotFoundException_When_File_Doesnt_Exist" storage="c:\users\soundararajan\documents\arduinoidewrapper\arduinowrapper.tests\bin\opencover\arduinoidewrapper.tests.dll" id="94f43e35-9920-f73c-9680-ed3c01d2befb">
      <Execution id="5e512222-857f-45cb-8a12-0dc79ecd118f" />
      <TestMethod codeBase="C:/Users/soundararajan/Documents/ArduinoIDEWrapper/ArduinoWrapper.Tests/bin/OpenCover/ArduinoIDEWrapper.Tests.DLL" adapterTypeName="Microsoft.VisualStudio.TestTools.TestTypes.Unit.UnitTestAdapter, Microsoft.VisualStudio.QualityTools.Tips.UnitTest.Adapter, Version=10.0.0.0, Culture=neutral, PublicKeyToken=b03f5f7f11d50a3a" className="ArduinoWrapper.Tests.Example.Service.Tests.ArduinoLibraryExampleSketchTests, ArduinoIDEWrapper.Tests, Version=1.0.0.0, Culture=neutral, PublicKeyToken=null" name="Throws_FileNotFoundException_When_File_Doesnt_Exist" />
    </UnitTest>
    <UnitTest name="Throws_FileNotFoundException_When_File_Argument_Is_Null" storage="c:\users\soundararajan\documents\arduinoidewrapper\arduinowrapper.tests\bin\opencover\arduinoidewrapper.tests.dll" id="6eb002fa-59f8-dad0-24b7-1d2c307d6b56">
      <Execution id="1a62c23c-65e2-42bd-bfec-f027adff272a" />
      <TestMethod codeBase="C:/Users/soundararajan/Documents/ArduinoIDEWrapper/ArduinoWrapper.Tests/bin/OpenCover/ArduinoIDEWrapper.Tests.DLL" adapterTypeName="Microsoft.VisualStudio.TestTools.TestTypes.Unit.UnitTestAdapter, Microsoft.VisualStudio.QualityTools.Tips.UnitTest.Adapter, Version=10.0.0.0, Culture=neutral, PublicKeyToken=b03f5f7f11d50a3a" className="ArduinoWrapper.Tests.Example.Service.Tests.ArduinoLibraryExampleSketchTests, ArduinoIDEWrapper.Tests, Version=1.0.0.0, Culture=neutral, PublicKeyToken=null" name="Throws_FileNotFoundException_When_File_Argument_Is_Null" />
    </UnitTest>
    <UnitTest name="Test_If_Library_Service_Enumerates_Libraries_Properly" storage="c:\users\soundararajan\documents\arduinoidewrapper\arduinowrapper.tests\bin\opencover\arduinoidewrapper.tests.dll" id="899a029e-9313-d9c1-1892-7d78c8f67170">
      <TestCategory>
        <TestCategoryItem TestCategory="RequireInstallation" />
      </TestCategory>
      <Execution id="f2cefc0f-b060-4023-80a5-778ea55fa674" />
      <TestMethod codeBase="C:/Users/soundararajan/Documents/ArduinoIDEWrapper/ArduinoWrapper.Tests/bin/OpenCover/ArduinoIDEWrapper.Tests.DLL" adapterTypeName="Microsoft.VisualStudio.TestTools.TestTypes.Unit.UnitTestAdapter, Microsoft.VisualStudio.QualityTools.Tips.UnitTest.Adapter, Version=10.0.0.0, Culture=neutral, PublicKeyToken=b03f5f7f11d50a3a" className="ArduinoWrapper.Tests.Library.Service.LibraryServiceTests, ArduinoIDEWrapper.Tests, Version=1.0.0.0, Culture=neutral, PublicKeyToken=null" name="Test_If_Library_Service_Enumerates_Libraries_Properly" />
    </UnitTest>
    <UnitTest name="Test_If_Library_Accessors_Works_Without_Exceptions" storage="c:\users\soundararajan\documents\arduinoidewrapper\arduinowrapper.tests\bin\opencover\arduinoidewrapper.tests.dll" id="6152b965-6ef7-b253-11d5-bd81aa288809">
      <TestCategory>
        <TestCategoryItem TestCategory="RequireInstallation" />
      </TestCategory>
      <Execution id="b24f47d0-abf3-43c0-b410-a75220c04b9c" />
      <TestMethod codeBase="C:/Users/soundararajan/Documents/ArduinoIDEWrapper/ArduinoWrapper.Tests/bin/OpenCover/ArduinoIDEWrapper.Tests.DLL" adapterTypeName="Microsoft.VisualStudio.TestTools.TestTypes.Unit.UnitTestAdapter, Microsoft.VisualStudio.QualityTools.Tips.UnitTest.Adapter, Version=10.0.0.0, Culture=neutral, PublicKeyToken=b03f5f7f11d50a3a" className="ArduinoWrapper.Tests.Library.Service.LibraryTests, ArduinoIDEWrapper.Tests, Version=1.0.0.0, Culture=neutral, PublicKeyToken=null" name="Test_If_Library_Accessors_Works_Without_Exceptions" />
    </UnitTest>
    <UnitTest name="Sketch_Category_Works_Without_Errors" storage="c:\users\soundararajan\documents\arduinoidewrapper\arduinowrapper.tests\bin\opencover\arduinoidewrapper.tests.dll" id="4a648cf2-aadc-ecf5-54e0-6fc0657666cb">
      <Execution id="d708321a-2d5e-405e-b00e-aa0b9ee3e1ec" />
      <TestMethod codeBase="C:/Users/soundararajan/Documents/ArduinoIDEWrapper/ArduinoWrapper.Tests/bin/OpenCover/ArduinoIDEWrapper.Tests.DLL" adapterTypeName="Microsoft.VisualStudio.TestTools.TestTypes.Unit.UnitTestAdapter, Microsoft.VisualStudio.QualityTools.Tips.UnitTest.Adapter, Version=10.0.0.0, Culture=neutral, PublicKeyToken=b03f5f7f11d50a3a" className="ArduinoWrapper.Tests.Example.Service.Tests.SketchCategoryTests, ArduinoIDEWrapper.Tests, Version=1.0.0.0, Culture=neutral, PublicKeyToken=null" name="Sketch_Category_Works_Without_Errors" />
    </UnitTest>
    <UnitTest name="Test_If_Examples_Alone_Are_Enumerated_Without_Errors" storage="c:\users\soundararajan\documents\arduinoidewrapper\arduinowrapper.tests\bin\opencover\arduinoidewrapper.tests.dll" id="9f9fff59-01f4-0dde-de58-8c18c9b4548e">
      <TestCategory>
        <TestCategoryItem TestCategory="RequireInstallation" />
      </TestCategory>
      <Execution id="cc672dab-f92e-48ef-899c-f014f8944ee4" />
      <TestMethod codeBase="C:/Users/soundararajan/Documents/ArduinoIDEWrapper/ArduinoWrapper.Tests/bin/OpenCover/ArduinoIDEWrapper.Tests.DLL" adapterTypeName="Microsoft.VisualStudio.TestTools.TestTypes.Unit.UnitTestAdapter, Microsoft.VisualStudio.QualityTools.Tips.UnitTest.Adapter, Version=10.0.0.0, Culture=neutral, PublicKeyToken=b03f5f7f11d50a3a" className="ArduinoWrapper.Tests.Example.Service.Tests.ArduinoExampleServiceTests, ArduinoIDEWrapper.Tests, Version=1.0.0.0, Culture=neutral, PublicKeyToken=null" name="Test_If_Examples_Alone_Are_Enumerated_Without_Errors" />
    </UnitTest>
    <UnitTest name="Test_If_Enumerate_Examples_Run_Without_Errors_Even_If_Directory_Doesnt_Exist" storage="c:\users\soundararajan\documents\arduinoidewrapper\arduinowrapper.tests\bin\opencover\arduinoidewrapper.tests.dll" id="b78c4b69-c7d2-6b45-774a-fb2a9bf117ee">
      <Execution id="5cb7feac-0cb6-4239-baf4-a14a7820b95f" />
      <TestMethod codeBase="C:/Users/soundararajan/Documents/ArduinoIDEWrapper/ArduinoWrapper.Tests/bin/OpenCover/ArduinoIDEWrapper.Tests.DLL" adapterTypeName="Microsoft.VisualStudio.TestTools.TestTypes.Unit.UnitTestAdapter, Microsoft.VisualStudio.QualityTools.Tips.UnitTest.Adapter, Version=10.0.0.0, Culture=neutral, PublicKeyToken=b03f5f7f11d50a3a" className="ArduinoWrapper.Tests.Example.Service.Tests.ArduinoExampleServiceTests, ArduinoIDEWrapper.Tests, Version=1.0.0.0, Culture=neutral, PublicKeyToken=null" name="Test_If_Enumerate_Examples_Run_Without_Errors_Even_If_Directory_Doesnt_Exist" />
    </UnitTest>
    <UnitTest name="Test_If_The_IDE_Instance_Is_Created_Properly_And_All_Properties_Are_Are_Non_Null" storage="c:\users\soundararajan\documents\arduinoidewrapper\arduinowrapper.tests\bin\opencover\arduinoidewrapper.tests.dll" id="1c8f4412-ed5f-fec0-a611-3bebc5dce60e">
      <TestCategory>
        <TestCategoryItem TestCategory="RequireInstallation" />
      </TestCategory>
      <Execution id="6414dc35-c61a-4bbc-80ea-143a0e1803e0" />
      <TestMethod codeBase="C:/Users/soundararajan/Documents/ArduinoIDEWrapper/ArduinoWrapper.Tests/bin/OpenCover/ArduinoIDEWrapper.Tests.DLL" adapterTypeName="Microsoft.VisualStudio.TestTools.TestTypes.Unit.UnitTestAdapter, Microsoft.VisualStudio.QualityTools.Tips.UnitTest.Adapter, Version=10.0.0.0, Culture=neutral, PublicKeyToken=b03f5f7f11d50a3a" className="ArduinoWrapper.Tests.IDE.Service.ArduinoIDETests, ArduinoIDEWrapper.Tests, Version=1.0.0.0, Culture=neutral, PublicKeyToken=null" name="Test_If_The_IDE_Instance_Is_Created_Properly_And_All_Properties_Are_Are_Non_Null" />
    </UnitTest>
    <UnitTest name="Test_If_Examples_Are_Enumerated_Without_Errors" storage="c:\users\soundararajan\documents\arduinoidewrapper\arduinowrapper.tests\bin\opencover\arduinoidewrapper.tests.dll" id="1a7e01c3-9aa4-f952-ae21-67e3c0aff943">
      <TestCategory>
        <TestCategoryItem TestCategory="RequireInstallation" />
      </TestCategory>
      <Execution id="cad7a962-b97f-4d15-b899-ae8e4d7a4bb4" />
      <TestMethod codeBase="C:/Users/soundararajan/Documents/ArduinoIDEWrapper/ArduinoWrapper.Tests/bin/OpenCover/ArduinoIDEWrapper.Tests.DLL" adapterTypeName="Microsoft.VisualStudio.TestTools.TestTypes.Unit.UnitTestAdapter, Microsoft.VisualStudio.QualityTools.Tips.UnitTest.Adapter, Version=10.0.0.0, Culture=neutral, PublicKeyToken=b03f5f7f11d50a3a" className="ArduinoWrapper.Tests.Example.Service.Tests.ArduinoExampleServiceTests, ArduinoIDEWrapper.Tests, Version=1.0.0.0, Culture=neutral, PublicKeyToken=null" name="Test_If_Examples_Are_Enumerated_Without_Errors" />
    </UnitTest>
    <UnitTest name="TestForUnexpectedEmptyString" storage="c:\users\soundararajan\documents\arduinoidewrapper\arduinowrapper.tests\bin\opencover\arduinoidewrapper.tests.dll" id="00ddab18-45a3-7525-b552-1755b9c3b941">
      <TestCategory>
        <TestCategoryItem TestCategory="RequireInstallation" />
      </TestCategory>
      <Execution id="0481c347-b8a8-474e-bf27-d24426bc57fc" />
      <TestMethod codeBase="C:/Users/soundararajan/Documents/ArduinoIDEWrapper/ArduinoWrapper.Tests/bin/OpenCover/ArduinoIDEWrapper.Tests.DLL" adapterTypeName="Microsoft.VisualStudio.TestTools.TestTypes.Unit.UnitTestAdapter, Microsoft.VisualStudio.QualityTools.Tips.UnitTest.Adapter, Version=10.0.0.0, Culture=neutral, PublicKeyToken=b03f5f7f11d50a3a" className="ArduinoWrapper.Tests.IDE.Service.ArduinoIDETests, ArduinoIDEWrapper.Tests, Version=1.0.0.0, Culture=neutral, PublicKeyToken=null" name="TestForUnexpectedEmptyString" />
    </UnitTest>
    <UnitTest name="TestForUnexpectedPath" storage="c:\users\soundararajan\documents\arduinoidewrapper\arduinowrapper.tests\bin\opencover\arduinoidewrapper.tests.dll" id="efc713c5-fe8c-fd4b-1e61-f263cad89bb5">
      <Execution id="3b5b6c1c-77ce-424c-9cf1-ffec66a8d933" />
      <TestMethod codeBase="C:/Users/soundararajan/Documents/ArduinoIDEWrapper/ArduinoWrapper.Tests/bin/OpenCover/ArduinoIDEWrapper.Tests.DLL" adapterTypeName="Microsoft.VisualStudio.TestTools.TestTypes.Unit.UnitTestAdapter, Microsoft.VisualStudio.QualityTools.Tips.UnitTest.Adapter, Version=10.0.0.0, Culture=neutral, PublicKeyToken=b03f5f7f11d50a3a" className="ArduinoWrapper.Tests.IDE.Service.ArduinoIDETests, ArduinoIDEWrapper.Tests, Version=1.0.0.0, Culture=neutral, PublicKeyToken=null" name="TestForUnexpectedPath" />
    </UnitTest>
    <UnitTest name="Throws_FileNotFoundException_When_File_Argument_Is_Null" storage="c:\users\soundararajan\documents\arduinoidewrapper\arduinowrapper.tests\bin\opencover\arduinoidewrapper.tests.dll" id="0a6551a6-e8c6-3b31-070a-da1d9e7ad196">
      <Execution id="ab8803f6-6ab7-4833-b6e0-3ce6e102d472" />
      <TestMethod codeBase="C:/Users/soundararajan/Documents/ArduinoIDEWrapper/ArduinoWrapper.Tests/bin/OpenCover/ArduinoIDEWrapper.Tests.DLL" adapterTypeName="Microsoft.VisualStudio.TestTools.TestTypes.Unit.UnitTestAdapter, Microsoft.VisualStudio.QualityTools.Tips.UnitTest.Adapter, Version=10.0.0.0, Culture=neutral, PublicKeyToken=b03f5f7f11d50a3a" className="ArduinoWrapper.Tests.Example.Service.Tests.ArduinoExampleSketchTests, ArduinoIDEWrapper.Tests, Version=1.0.0.0, Culture=neutral, PublicKeyToken=null" name="Throws_FileNotFoundException_When_File_Argument_Is_Null" />
    </UnitTest>
    <UnitTest name="Test_If_Examples_In_Libraries_Are_Enumerated_Without_Errors" storage="c:\users\soundararajan\documents\arduinoidewrapper\arduinowrapper.tests\bin\opencover\arduinoidewrapper.tests.dll" id="06f6ca0b-0c7d-ed21-54b0-133b413333a1">
      <TestCategory>
        <TestCategoryItem TestCategory="RequireInstallation" />
      </TestCategory>
      <Execution id="93d7c442-bd69-4b11-b819-fc8c96bf4d53" />
      <TestMethod codeBase="C:/Users/soundararajan/Documents/ArduinoIDEWrapper/ArduinoWrapper.Tests/bin/OpenCover/ArduinoIDEWrapper.Tests.DLL" adapterTypeName="Microsoft.VisualStudio.TestTools.TestTypes.Unit.UnitTestAdapter, Microsoft.VisualStudio.QualityTools.Tips.UnitTest.Adapter, Version=10.0.0.0, Culture=neutral, PublicKeyToken=b03f5f7f11d50a3a" className="ArduinoWrapper.Tests.Example.Service.Tests.ArduinoExampleServiceTests, ArduinoIDEWrapper.Tests, Version=1.0.0.0, Culture=neutral, PublicKeyToken=null" name="Test_If_Examples_In_Libraries_Are_Enumerated_Without_Errors" />
    </UnitTest>
    <UnitTest name="TestForNull" storage="c:\users\soundararajan\documents\arduinoidewrapper\arduinowrapper.tests\bin\opencover\arduinoidewrapper.tests.dll" id="f7bdd147-d8af-1ca0-698b-ded82caed1fa">
      <Execution id="f86e018d-c0b6-46f0-b78f-d90190974668" />
      <TestMethod codeBase="C:/Users/soundararajan/Documents/ArduinoIDEWrapper/ArduinoWrapper.Tests/bin/OpenCover/ArduinoIDEWrapper.Tests.DLL" adapterTypeName="Microsoft.VisualStudio.TestTools.TestTypes.Unit.UnitTestAdapter, Microsoft.VisualStudio.QualityTools.Tips.UnitTest.Adapter, Version=10.0.0.0, Culture=neutral, PublicKeyToken=b03f5f7f11d50a3a" className="ArduinoWrapper.Tests.IDE.Service.ArduinoIDETests, ArduinoIDEWrapper.Tests, Version=1.0.0.0, Culture=neutral, PublicKeyToken=null" name="TestForNull" />
    </UnitTest>
    <UnitTest name="Throws_FileNotFoundException_When_File_Argument_Is_Empty" storage="c:\users\soundararajan\documents\arduinoidewrapper\arduinowrapper.tests\bin\opencover\arduinoidewrapper.tests.dll" id="82f94b1b-7c2a-cc98-8673-eda5de2a2625">
      <Execution id="a5985b36-06a6-4ba5-a448-f3e39f47b928" />
      <TestMethod codeBase="C:/Users/soundararajan/Documents/ArduinoIDEWrapper/ArduinoWrapper.Tests/bin/OpenCover/ArduinoIDEWrapper.Tests.DLL" adapterTypeName="Microsoft.VisualStudio.TestTools.TestTypes.Unit.UnitTestAdapter, Microsoft.VisualStudio.QualityTools.Tips.UnitTest.Adapter, Version=10.0.0.0, Culture=neutral, PublicKeyToken=b03f5f7f11d50a3a" className="ArduinoWrapper.Tests.Example.Service.Tests.ArduinoLibraryExampleSketchTests, ArduinoIDEWrapper.Tests, Version=1.0.0.0, Culture=neutral, PublicKeyToken=null" name="Throws_FileNotFoundException_When_File_Argument_Is_Empty" />
    </UnitTest>
  </TestDefinitions>
  <TestLists>
    <TestList name="Results Not in a List" id="8c84fa94-04c1-424b-9868-57a2d4851a1d" />
    <TestList name="All Loaded Results" id="19431567-8539-422a-85d7-44ee4e166bda" />
  </TestLists>
  <TestEntries>
    <TestEntry testId="b78c4b69-c7d2-6b45-774a-fb2a9bf117ee" executionId="5cb7feac-0cb6-4239-baf4-a14a7820b95f" testListId="8c84fa94-04c1-424b-9868-57a2d4851a1d" />
    <TestEntry testId="9f9fff59-01f4-0dde-de58-8c18c9b4548e" executionId="cc672dab-f92e-48ef-899c-f014f8944ee4" testListId="8c84fa94-04c1-424b-9868-57a2d4851a1d" />
    <TestEntry testId="1a7e01c3-9aa4-f952-ae21-67e3c0aff943" executionId="cad7a962-b97f-4d15-b899-ae8e4d7a4bb4" testListId="8c84fa94-04c1-424b-9868-57a2d4851a1d" />
    <TestEntry testId="06f6ca0b-0c7d-ed21-54b0-133b413333a1" executionId="93d7c442-bd69-4b11-b819-fc8c96bf4d53" testListId="8c84fa94-04c1-424b-9868-57a2d4851a1d" />
    <TestEntry testId="af2ae42d-6a70-4509-8ee7-ffa86713ae5b" executionId="6c3dec0a-1b75-497c-a816-400324df5561" testListId="8c84fa94-04c1-424b-9868-57a2d4851a1d" />
    <TestEntry testId="0a6551a6-e8c6-3b31-070a-da1d9e7ad196" executionId="ab8803f6-6ab7-4833-b6e0-3ce6e102d472" testListId="8c84fa94-04c1-424b-9868-57a2d4851a1d" />
    <TestEntry testId="17349136-81c4-a831-462e-423b0ace677b" executionId="1331211f-b4e2-4892-97e3-9c717465e367" testListId="8c84fa94-04c1-424b-9868-57a2d4851a1d" />
    <TestEntry testId="82f94b1b-7c2a-cc98-8673-eda5de2a2625" executionId="a5985b36-06a6-4ba5-a448-f3e39f47b928" testListId="8c84fa94-04c1-424b-9868-57a2d4851a1d" />
    <TestEntry testId="6eb002fa-59f8-dad0-24b7-1d2c307d6b56" executionId="1a62c23c-65e2-42bd-bfec-f027adff272a" testListId="8c84fa94-04c1-424b-9868-57a2d4851a1d" />
    <TestEntry testId="94f43e35-9920-f73c-9680-ed3c01d2befb" executionId="5e512222-857f-45cb-8a12-0dc79ecd118f" testListId="8c84fa94-04c1-424b-9868-57a2d4851a1d" />
    <TestEntry testId="4a648cf2-aadc-ecf5-54e0-6fc0657666cb" executionId="d708321a-2d5e-405e-b00e-aa0b9ee3e1ec" testListId="8c84fa94-04c1-424b-9868-57a2d4851a1d" />
    <TestEntry testId="1c8f4412-ed5f-fec0-a611-3bebc5dce60e" executionId="6414dc35-c61a-4bbc-80ea-143a0e1803e0" testListId="8c84fa94-04c1-424b-9868-57a2d4851a1d" />
    <TestEntry testId="f7bdd147-d8af-1ca0-698b-ded82caed1fa" executionId="f86e018d-c0b6-46f0-b78f-d90190974668" testListId="8c84fa94-04c1-424b-9868-57a2d4851a1d" />
    <TestEntry testId="00ddab18-45a3-7525-b552-1755b9c3b941" executionId="0481c347-b8a8-474e-bf27-d24426bc57fc" testListId="8c84fa94-04c1-424b-9868-57a2d4851a1d" />
    <TestEntry testId="efc713c5-fe8c-fd4b-1e61-f263cad89bb5" executionId="3b5b6c1c-77ce-424c-9cf1-ffec66a8d933" testListId="8c84fa94-04c1-424b-9868-57a2d4851a1d" />
    <TestEntry testId="db0a26d7-20ca-5e14-a363-4d9b915568f2" executionId="0aa7a8a8-95f8-4a68-981b-4885b8eca080" testListId="8c84fa94-04c1-424b-9868-57a2d4851a1d" />
    <TestEntry testId="899a029e-9313-d9c1-1892-7d78c8f67170" executionId="f2cefc0f-b060-4023-80a5-778ea55fa674" testListId="8c84fa94-04c1-424b-9868-57a2d4851a1d" />
    <TestEntry testId="6152b965-6ef7-b253-11d5-bd81aa288809" executionId="b24f47d0-abf3-43c0-b410-a75220c04b9c" testListId="8c84fa94-04c1-424b-9868-57a2d4851a1d" />
  </TestEntries>
  <Results>
    <UnitTestResult executionId="5cb7feac-0cb6-4239-baf4-a14a7820b95f" testId="b78c4b69-c7d2-6b45-774a-fb2a9bf117ee" testName="Test_If_Enumerate_Examples_Run_Without_Errors_Even_If_Directory_Doesnt_Exist" computerName="CRASHNBURN" duration="00:00:00.0608243" startTime="2014-03-08T14:53:44.9016149+05:30" endTime="2014-03-08T14:53:45.3391360+05:30" testType="13cdc9d9-ddb5-4fa4-a97d-d965ccfc6d4b" outcome="Passed" testListId="8c84fa94-04c1-424b-9868-57a2d4851a1d" relativeResultsDirectory="5cb7feac-0cb6-4239-baf4-a14a7820b95f">
    </UnitTestResult>
    <UnitTestResult executionId="cc672dab-f92e-48ef-899c-f014f8944ee4" testId="9f9fff59-01f4-0dde-de58-8c18c9b4548e" testName="Test_If_Examples_Alone_Are_Enumerated_Without_Errors" computerName="CRASHNBURN" duration="00:00:00.0629381" startTime="2014-03-08T14:53:45.3391360+05:30" endTime="2014-03-08T14:53:45.4172649+05:30" testType="13cdc9d9-ddb5-4fa4-a97d-d965ccfc6d4b" outcome="Passed" testListId="8c84fa94-04c1-424b-9868-57a2d4851a1d" relativeResultsDirectory="cc672dab-f92e-48ef-899c-f014f8944ee4">
    </UnitTestResult>
    <UnitTestResult executionId="cad7a962-b97f-4d15-b899-ae8e4d7a4bb4" testId="1a7e01c3-9aa4-f952-ae21-67e3c0aff943" testName="Test_If_Examples_Are_Enumerated_Without_Errors" computerName="CRASHNBURN" duration="00:00:00.1312805" startTime="2014-03-08T14:53:45.4172649+05:30" endTime="2014-03-08T14:53:45.5422701+05:30" testType="13cdc9d9-ddb5-4fa4-a97d-d965ccfc6d4b" outcome="Passed" testListId="8c84fa94-04c1-424b-9868-57a2d4851a1d" relativeResultsDirectory="cad7a962-b97f-4d15-b899-ae8e4d7a4bb4">
    </UnitTestResult>
    <UnitTestResult executionId="93d7c442-bd69-4b11-b819-fc8c96bf4d53" testId="06f6ca0b-0c7d-ed21-54b0-133b413333a1" testName="Test_If_Examples_In_Libraries_Are_Enumerated_Without_Errors" computerName="CRASHNBURN" duration="00:00:00.0451413" startTime="2014-03-08T14:53:45.5578952+05:30" endTime="2014-03-08T14:53:45.6047719+05:30" testType="13cdc9d9-ddb5-4fa4-a97d-d965ccfc6d4b" outcome="Passed" testListId="8c84fa94-04c1-424b-9868-57a2d4851a1d" relativeResultsDirectory="93d7c442-bd69-4b11-b819-fc8c96bf4d53">
    </UnitTestResult>
    <UnitTestResult executionId="6c3dec0a-1b75-497c-a816-400324df5561" testId="af2ae42d-6a70-4509-8ee7-ffa86713ae5b" testName="Throws_FileNotFoundException_When_File_Argument_Is_Empty" computerName="CRASHNBURN" duration="00:00:00.0093169" startTime="2014-03-08T14:53:45.6047719+05:30" endTime="2014-03-08T14:53:45.6204003+05:30" testType="13cdc9d9-ddb5-4fa4-a97d-d965ccfc6d4b" outcome="Passed" testListId="8c84fa94-04c1-424b-9868-57a2d4851a1d" relativeResultsDirectory="6c3dec0a-1b75-497c-a816-400324df5561">
    </UnitTestResult>
    <UnitTestResult executionId="ab8803f6-6ab7-4833-b6e0-3ce6e102d472" testId="0a6551a6-e8c6-3b31-070a-da1d9e7ad196" testName="Throws_FileNotFoundException_When_File_Argument_Is_Null" computerName="CRASHNBURN" duration="00:00:00.0009150" startTime="2014-03-08T14:53:45.6204003+05:30" endTime="2014-03-08T14:53:45.6204003+05:30" testType="13cdc9d9-ddb5-4fa4-a97d-d965ccfc6d4b" outcome="Passed" testListId="8c84fa94-04c1-424b-9868-57a2d4851a1d" relativeResultsDirectory="ab8803f6-6ab7-4833-b6e0-3ce6e102d472">
    </UnitTestResult>
    <UnitTestResult executionId="1331211f-b4e2-4892-97e3-9c717465e367" testId="17349136-81c4-a831-462e-423b0ace677b" testName="Throws_FileNotFoundException_When_File_Doesnt_Exist" computerName="CRASHNBURN" duration="00:00:00.0010177" startTime="2014-03-08T14:53:45.6204003+05:30" endTime="2014-03-08T14:53:45.6360238+05:30" testType="13cdc9d9-ddb5-4fa4-a97d-d965ccfc6d4b" outcome="Passed" testListId="8c84fa94-04c1-424b-9868-57a2d4851a1d" relativeResultsDirectory="1331211f-b4e2-4892-97e3-9c717465e367">
    </UnitTestResult>
    <UnitTestResult executionId="a5985b36-06a6-4ba5-a448-f3e39f47b928" testId="82f94b1b-7c2a-cc98-8673-eda5de2a2625" testName="Throws_FileNotFoundException_When_File_Argument_Is_Empty" computerName="CRASHNBURN" duration="00:00:00.0011761" startTime="2014-03-08T14:53:45.6360238+05:30" endTime="2014-03-08T14:53:45.6360238+05:30" testType="13cdc9d9-ddb5-4fa4-a97d-d965ccfc6d4b" outcome="Passed" testListId="8c84fa94-04c1-424b-9868-57a2d4851a1d" relativeResultsDirectory="a5985b36-06a6-4ba5-a448-f3e39f47b928">
    </UnitTestResult>
    <UnitTestResult executionId="1a62c23c-65e2-42bd-bfec-f027adff272a" testId="6eb002fa-59f8-dad0-24b7-1d2c307d6b56" testName="Throws_FileNotFoundException_When_File_Argument_Is_Null" computerName="CRASHNBURN" duration="00:00:00.0009183" startTime="2014-03-08T14:53:45.6672736+05:30" endTime="2014-03-08T14:53:45.6672736+05:30" testType="13cdc9d9-ddb5-4fa4-a97d-d965ccfc6d4b" outcome="Passed" testListId="8c84fa94-04c1-424b-9868-57a2d4851a1d" relativeResultsDirectory="1a62c23c-65e2-42bd-bfec-f027adff272a">
    </UnitTestResult>
    <UnitTestResult executionId="5e512222-857f-45cb-8a12-0dc79ecd118f" testId="94f43e35-9920-f73c-9680-ed3c01d2befb" testName="Throws_FileNotFoundException_When_File_Doesnt_Exist" computerName="CRASHNBURN" duration="00:00:00.0009594" startTime="2014-03-08T14:53:45.6672736+05:30" endTime="2014-03-08T14:53:45.6829008+05:30" testType="13cdc9d9-ddb5-4fa4-a97d-d965ccfc6d4b" outcome="Passed" testListId="8c84fa94-04c1-424b-9868-57a2d4851a1d" relativeResultsDirectory="5e512222-857f-45cb-8a12-0dc79ecd118f">
    </UnitTestResult>
    <UnitTestResult executionId="d708321a-2d5e-405e-b00e-aa0b9ee3e1ec" testId="4a648cf2-aadc-ecf5-54e0-6fc0657666cb" testName="Sketch_Category_Works_Without_Errors" computerName="CRASHNBURN" duration="00:00:00.0012833" startTime="2014-03-08T14:53:45.6829008+05:30" endTime="2014-03-08T14:53:45.6829008+05:30" testType="13cdc9d9-ddb5-4fa4-a97d-d965ccfc6d4b" outcome="Passed" testListId="8c84fa94-04c1-424b-9868-57a2d4851a1d" relativeResultsDirectory="d708321a-2d5e-405e-b00e-aa0b9ee3e1ec">
    </UnitTestResult>
    <UnitTestResult executionId="6414dc35-c61a-4bbc-80ea-143a0e1803e0" testId="1c8f4412-ed5f-fec0-a611-3bebc5dce60e" testName="Test_If_The_IDE_Instance_Is_Created_Properly_And_All_Properties_Are_Are_Non_Null" computerName="CRASHNBURN" duration="00:00:00.0036795" startTime="2014-03-08T14:53:45.6829008+05:30" endTime="2014-03-08T14:53:45.6985284+05:30" testType="13cdc9d9-ddb5-4fa4-a97d-d965ccfc6d4b" outcome="Passed" testListId="8c84fa94-04c1-424b-9868-57a2d4851a1d" relativeResultsDirectory="6414dc35-c61a-4bbc-80ea-143a0e1803e0">
    </UnitTestResult>
    <UnitTestResult executionId="f86e018d-c0b6-46f0-b78f-d90190974668" testId="f7bdd147-d8af-1ca0-698b-ded82caed1fa" testName="TestForNull" computerName="CRASHNBURN" duration="00:00:00.0011613" startTime="2014-03-08T14:53:45.6985284+05:30" endTime="2014-03-08T14:53:45.6985284+05:30" testType="13cdc9d9-ddb5-4fa4-a97d-d965ccfc6d4b" outcome="Passed" testListId="8c84fa94-04c1-424b-9868-57a2d4851a1d" relativeResultsDirectory="f86e018d-c0b6-46f0-b78f-d90190974668">
    </UnitTestResult>
    <UnitTestResult executionId="0481c347-b8a8-474e-bf27-d24426bc57fc" testId="00ddab18-45a3-7525-b552-1755b9c3b941" testName="TestForUnexpectedEmptyString" computerName="CRASHNBURN" duration="00:00:00.0010944" startTime="2014-03-08T14:53:45.7141532+05:30" endTime="2014-03-08T14:53:45.7141532+05:30" testType="13cdc9d9-ddb5-4fa4-a97d-d965ccfc6d4b" outcome="Passed" testListId="8c84fa94-04c1-424b-9868-57a2d4851a1d" relativeResultsDirectory="0481c347-b8a8-474e-bf27-d24426bc57fc">
    </UnitTestResult>
    <UnitTestResult executionId="3b5b6c1c-77ce-424c-9cf1-ffec66a8d933" testId="efc713c5-fe8c-fd4b-1e61-f263cad89bb5" testName="TestForUnexpectedPath" computerName="CRASHNBURN" duration="00:00:00.0660331" startTime="2014-03-08T14:53:45.7141532+05:30" endTime="2014-03-08T14:53:45.7922813+05:30" testType="13cdc9d9-ddb5-4fa4-a97d-d965ccfc6d4b" outcome="Failed" testListId="8c84fa94-04c1-424b-9868-57a2d4851a1d" relativeResultsDirectory="3b5b6c1c-77ce-424c-9cf1-ffec66a8d933">
      <Output>
        <ErrorInfo>
          <Message>Test method ArduinoWrapper.Tests.IDE.Service.ArduinoIDETests.TestForUnexpectedPath threw exception System.ArgumentException, but exception System.IO.FileNotFoundException was expected. Exception message: System.ArgumentException: installBasePath</Message>
          <StackTrace>    at Arduino.IDE.ArduinoIDE..ctor(String installBasePath) in C:\Users\soundararajan\Documents\ArduinoIDEWrapper\ArduinoIDEWrapper\IDE.Service\ArduinoIDE.cs:line 15
   at ArduinoWrapper.Tests.IDE.Service.ArduinoIDETests.TestForUnexpectedPath() in C:\Users\soundararajan\Documents\ArduinoIDEWrapper\ArduinoWrapper.Tests\IDE.Service\ArduinoIDETests.cs:line 46
</StackTrace>
        </ErrorInfo>
      </Output>
    </UnitTestResult>
    <UnitTestResult executionId="0aa7a8a8-95f8-4a68-981b-4885b8eca080" testId="db0a26d7-20ca-5e14-a363-4d9b915568f2" testName="TestForNonNull" computerName="CRASHNBURN" duration="00:00:00.0019840" startTime="2014-03-08T14:53:45.7922813+05:30" endTime="2014-03-08T14:53:45.7922813+05:30" testType="13cdc9d9-ddb5-4fa4-a97d-d965ccfc6d4b" outcome="Passed" testListId="8c84fa94-04c1-424b-9868-57a2d4851a1d" relativeResultsDirectory="0aa7a8a8-95f8-4a68-981b-4885b8eca080">
    </UnitTestResult>
    <UnitTestResult executionId="f2cefc0f-b060-4023-80a5-778ea55fa674" testId="899a029e-9313-d9c1-1892-7d78c8f67170" testName="Test_If_Library_Service_Enumerates_Libraries_Properly" computerName="CRASHNBURN" duration="00:00:00.0058229" startTime="2014-03-08T14:53:45.7922813+05:30" endTime="2014-03-08T14:53:45.8079068+05:30" testType="13cdc9d9-ddb5-4fa4-a97d-d965ccfc6d4b" outcome="Passed" testListId="8c84fa94-04c1-424b-9868-57a2d4851a1d" relativeResultsDirectory="f2cefc0f-b060-4023-80a5-778ea55fa674">
    </UnitTestResult>
    <UnitTestResult executionId="b24f47d0-abf3-43c0-b410-a75220c04b9c" testId="6152b965-6ef7-b253-11d5-bd81aa288809" testName="Test_If_Library_Accessors_Works_Without_Exceptions" computerName="CRASHNBURN" duration="00:00:00.0366470" startTime="2014-03-08T14:53:45.8079068+05:30" endTime="2014-03-08T14:53:45.8547839+05:30" testType="13cdc9d9-ddb5-4fa4-a97d-d965ccfc6d4b" outcome="Passed" testListId="8c84fa94-04c1-424b-9868-57a2d4851a1d" relativeResultsDirectory="b24f47d0-abf3-43c0-b410-a75220c04b9c">
    </UnitTestResult>
  </Results>
</TestRun>